// Jest Snapshot v1, https://goo.gl/fbAQLP

exports[`WeatherIcon render WeatherIcon 1`] = `
<svg
  className="svg-0-2-1 svg-d0-0-2-2"
  height={120}
  version="1.1"
  viewBox="0 0 35 40"
  width={120}
  xmlns="http://www.w3.org/2000/svg"
>
  <title>
    icon description
  </title>
  <path
    d="svg path here"
  />
</svg>
`;
